ERROR:2026-07-17 08:56:29,203:jax._src.xla_bridge:475: Jax plugin configuration error: Exception when calling jax_plugins.xla_cuda12.initialize()
Traceback (most recent call last):
  File "/home/tersenov/wl-challenge-env/lib/python3.11/site-packages/jax/_src/xla_bridge.py", line 473, in discover_pjrt_plugins
    plugin_module.initialize()
  File "/home/tersenov/wl-challenge-env/lib/python3.11/site-packages/jax_plugins/xla_cuda12/__init__.py", line 329, in initialize
    _check_cuda_versions(raise_on_first_error=True)
  File "/home/tersenov/wl-challenge-env/lib/python3.11/site-packages/jax_plugins/xla_cuda12/__init__.py", line 286, in _check_cuda_versions
    local_device_count = cuda_versions.cuda_device_count()
                         ^^^^^^^^^^^^^^^^^^^^^^^^^^^^^^^^^
RuntimeError: jaxlib/cuda/versions_helpers.cc:113: operation cuInit(0) failed: Unknown CUDA error 303; cuGetErrorName failed. This probably means that JAX was unable to load the CUDA libraries.
[bakeoff beta05/composite] DATA heldout truth reference: skew -0.083 kurt 5.96 q999 5.54
[bakeoff beta05/composite] step   500 loss 2.0653 HELDOUT skew 0.595 kurt 2.22 q999 4.77 [157s]
[bakeoff beta05/composite] step  1000 loss 1.9728 HELDOUT skew 0.370 kurt 1.65 q999 4.50 [307s]
[bakeoff beta05/composite] step  1500 loss 1.9103 HELDOUT skew 0.275 kurt 1.31 q999 4.29 [457s]
[bakeoff beta05/composite] step  2000 loss 1.8034 HELDOUT skew 0.135 kurt 1.10 q999 4.08 [608s]
[bakeoff beta05/composite] step  2500 loss 1.5805 HELDOUT skew 0.110 kurt 1.05 q999 4.05 [757s]
[bakeoff beta05/composite] step  3000 loss 1.4548 HELDOUT skew 0.081 kurt 1.05 q999 4.01 [906s]
[bakeoff beta05/composite] step  3500 loss 1.3670 HELDOUT skew 0.068 kurt 1.04 q999 4.03 [1053s]
[bakeoff beta05/composite] step  4000 loss 1.3926 HELDOUT skew 0.063 kurt 1.05 q999 4.03 [1199s]
[bakeoff beta05/composite] wrote /home/tersenov/software/scale-extrapolation/results_p2/bakeoff_beta05_composite.json
