ERROR:2026-07-17 08:56:29,221:jax._src.xla_bridge:475: Jax plugin configuration error: Exception when calling jax_plugins.xla_cuda12.initialize()
Traceback (most recent call last):
  File "/home/tersenov/wl-challenge-env/lib/python3.11/site-packages/jax/_src/xla_bridge.py", line 473, in discover_pjrt_plugins
    plugin_module.initialize()
  File "/home/tersenov/wl-challenge-env/lib/python3.11/site-packages/jax_plugins/xla_cuda12/__init__.py", line 329, in initialize
    _check_cuda_versions(raise_on_first_error=True)
  File "/home/tersenov/wl-challenge-env/lib/python3.11/site-packages/jax_plugins/xla_cuda12/__init__.py", line 286, in _check_cuda_versions
    local_device_count = cuda_versions.cuda_device_count()
                         ^^^^^^^^^^^^^^^^^^^^^^^^^^^^^^^^^
RuntimeError: jaxlib/cuda/versions_helpers.cc:113: operation cuInit(0) failed: Unknown CUDA error 303; cuGetErrorName failed. This probably means that JAX was unable to load the CUDA libraries.
[bakeoff beta05/t5flat] DATA heldout truth reference: skew -0.044 kurt 4.15 q999 5.32
[bakeoff beta05/t5flat] step   500 loss 2.0359 HELDOUT skew 0.402 kurt 1.26 q999 4.24 [159s]
[bakeoff beta05/t5flat] step  1000 loss 2.0274 HELDOUT skew 0.320 kurt 1.08 q999 4.20 [311s]
[bakeoff beta05/t5flat] step  1500 loss 1.9545 HELDOUT skew 0.179 kurt 0.70 q999 3.91 [465s]
[bakeoff beta05/t5flat] step  2000 loss 1.8147 HELDOUT skew 0.139 kurt 0.52 q999 3.78 [616s]
[bakeoff beta05/t5flat] step  2500 loss 1.6217 HELDOUT skew 0.100 kurt 0.55 q999 3.81 [768s]
[bakeoff beta05/t5flat] step  3000 loss 1.4701 HELDOUT skew 0.059 kurt 0.51 q999 3.74 [919s]
[bakeoff beta05/t5flat] step  3500 loss 1.3984 HELDOUT skew 0.042 kurt 0.51 q999 3.72 [1071s]
[bakeoff beta05/t5flat] step  4000 loss 1.3844 HELDOUT skew 0.042 kurt 0.51 q999 3.71 [1222s]
[bakeoff beta05/t5flat] wrote /home/tersenov/software/scale-extrapolation/results_p2/bakeoff_beta05_t5flat.json
