ERROR:2026-07-17 08:56:26,948:jax._src.xla_bridge:475: Jax plugin configuration error: Exception when calling jax_plugins.xla_cuda12.initialize()
Traceback (most recent call last):
  File "/home/tersenov/wl-challenge-env/lib/python3.11/site-packages/jax/_src/xla_bridge.py", line 473, in discover_pjrt_plugins
    plugin_module.initialize()
  File "/home/tersenov/wl-challenge-env/lib/python3.11/site-packages/jax_plugins/xla_cuda12/__init__.py", line 329, in initialize
    _check_cuda_versions(raise_on_first_error=True)
  File "/home/tersenov/wl-challenge-env/lib/python3.11/site-packages/jax_plugins/xla_cuda12/__init__.py", line 286, in _check_cuda_versions
    local_device_count = cuda_versions.cuda_device_count()
                         ^^^^^^^^^^^^^^^^^^^^^^^^^^^^^^^^^
RuntimeError: jaxlib/cuda/versions_helpers.cc:113: operation cuInit(0) failed: Unknown CUDA error 303; cuGetErrorName failed. This probably means that JAX was unable to load the CUDA libraries.
[bakeoff twcrps/composite] DATA heldout truth reference: skew -0.083 kurt 5.96 q999 5.54
[bakeoff twcrps/composite] step   500 loss 14.1680 HELDOUT skew 0.705 kurt 3.18 q999 5.17 [97s]
[bakeoff twcrps/composite] step  1000 loss 13.4131 HELDOUT skew 0.904 kurt 3.61 q999 5.37 [187s]
[bakeoff twcrps/composite] step  1500 loss 13.0655 HELDOUT skew 0.881 kurt 4.03 q999 5.54 [278s]
[bakeoff twcrps/composite] step  2000 loss 12.4317 HELDOUT skew 0.927 kurt 4.80 q999 5.76 [360s]
[bakeoff twcrps/composite] step  2500 loss 9.6259 HELDOUT skew 0.710 kurt 4.34 q999 5.57 [444s]
[bakeoff twcrps/composite] step  3000 loss 8.6103 HELDOUT skew 0.535 kurt 3.58 q999 5.30 [527s]
[bakeoff twcrps/composite] step  3500 loss 7.9035 HELDOUT skew 0.527 kurt 3.56 q999 5.25 [610s]
[bakeoff twcrps/composite] step  4000 loss 8.6292 HELDOUT skew 0.519 kurt 3.57 q999 5.26 [692s]
[bakeoff twcrps/composite] wrote /home/tersenov/software/scale-extrapolation/results_p2/bakeoff_twcrps_composite.json
