ERROR:2026-07-18 09:31:16,784:jax._src.xla_bridge:475: Jax plugin configuration error: Exception when calling jax_plugins.xla_cuda12.initialize()
Traceback (most recent call last):
  File "/home/tersenov/wl-challenge-env/lib/python3.11/site-packages/jax/_src/xla_bridge.py", line 473, in discover_pjrt_plugins
    plugin_module.initialize()
  File "/home/tersenov/wl-challenge-env/lib/python3.11/site-packages/jax_plugins/xla_cuda12/__init__.py", line 329, in initialize
    _check_cuda_versions(raise_on_first_error=True)
  File "/home/tersenov/wl-challenge-env/lib/python3.11/site-packages/jax_plugins/xla_cuda12/__init__.py", line 286, in _check_cuda_versions
    local_device_count = cuda_versions.cuda_device_count()
                         ^^^^^^^^^^^^^^^^^^^^^^^^^^^^^^^^^
RuntimeError: jaxlib/cuda/versions_helpers.cc:113: operation cuInit(0) failed: Unknown CUDA error 303; cuGetErrorName failed. This probably means that JAX was unable to load the CUDA libraries.
[09:31:33] arm A REPL hc oct2: vs=1.068 kurt=4.95 q999=5.63
[09:31:40] arm A REPL hc oct3: vs=0.920 kurt=3.11 q999=5.11
[09:31:44] arm A REPL hc oct4: vs=0.791 kurt=2.36 q999=4.66
[09:32:31] arm A REPL hc oct1: vs=1.107 kurt=5.54 q999=5.74
Traceback (most recent call last):
  File "/home/tersenov/software/scale-extrapolation/scripts_p2/c1t_replication.py", line 120, in <module>
    from measure_generated import couplings
  File "/home/tersenov/software/scale-extrapolation/scripts/measure_generated.py", line 22, in <module>
    from scaledrift import coupling_scalars, octave_wc
  File "/home/tersenov/software/scale-extrapolation/scaledrift/__init__.py", line 4, in <module>
    from . import drift, fields, moments, wavelet
  File "/home/tersenov/software/scale-extrapolation/scaledrift/drift.py", line 29, in <module>
    from .wavelet import DEFAULT_MODE, DEFAULT_WAVELET, octave_wc
  File "/home/tersenov/software/scale-extrapolation/scaledrift/wavelet.py", line 23, in <module>
    import pywt
ModuleNotFoundError: No module named 'pywt'
