[18:53:01] B1 gowerstreet oct1 w: rstar=0 (59s)
[18:53:24] B1 gowerstreet oct1 absw: rstar=0 (23s)
[18:53:45] B1 gowerstreet oct2 w: rstar=0 (21s)
[18:53:52] B1 gowerstreet oct2 absw: rstar=0 (7s)
[18:53:54] B1 gowerstreet oct3 w: rstar=0 (2s)
[18:53:55] B1 gowerstreet oct3 absw: rstar=0 (1s)
[18:53:56] B1 gowerstreet oct4 w: rstar=0 (1s)
[18:53:56] B1 gowerstreet oct4 absw: rstar=0 (0s)
[18:54:36] B1 sandbox oct1 w: rstar=1 (40s)
[18:54:53] B1 sandbox oct1 absw: rstar=0 (17s)
[18:55:26] B1 sandbox oct2 w: rstar=1 (33s)
[18:55:35] B1 sandbox oct2 absw: rstar=0 (8s)
[18:55:38] B1 sandbox oct3 w: rstar=1 (3s)
[18:55:38] B1 sandbox oct3 absw: rstar=0 (1s)
[18:55:39] B1 sandbox oct4 w: rstar=1 (0s)
[18:55:39] B1 sandbox oct4 absw: rstar=0 (0s)
[18:55:39] wrote /home/tersenov/software/scale-extrapolation/results_p2/stageB1_curves.json
[18:55:40] shape gowerstreet oct2 absw: z=0.63 (1s)
[18:55:41] shape gowerstreet oct2 w: z=-3.07 (1s)
[18:55:45] shape gowerstreet oct1 absw: z=1.43 (4s)
[18:55:48] shape gowerstreet oct1 w: z=-2.01 (3s)
[18:55:50] shape sandbox oct2 absw: z=-3.09 (2s)
[18:55:51] shape sandbox oct2 w: z=-1.13 (1s)
[18:55:51] wrote /home/tersenov/software/scale-extrapolation/results_p2/stageB1_shape.json
