ERROR:2026-07-17 10:03:40,580:jax._src.xla_bridge:475: Jax plugin configuration error: Exception when calling jax_plugins.xla_cuda12.initialize()
Traceback (most recent call last):
  File "/home/tersenov/wl-challenge-env/lib/python3.11/site-packages/jax/_src/xla_bridge.py", line 473, in discover_pjrt_plugins
    plugin_module.initialize()
  File "/home/tersenov/wl-challenge-env/lib/python3.11/site-packages/jax_plugins/xla_cuda12/__init__.py", line 329, in initialize
    _check_cuda_versions(raise_on_first_error=True)
  File "/home/tersenov/wl-challenge-env/lib/python3.11/site-packages/jax_plugins/xla_cuda12/__init__.py", line 286, in _check_cuda_versions
    local_device_count = cuda_versions.cuda_device_count()
                         ^^^^^^^^^^^^^^^^^^^^^^^^^^^^^^^^^
RuntimeError: jaxlib/cuda/versions_helpers.cc:113: operation cuInit(0) failed: Unknown CUDA error 303; cuGetErrorName failed. This probably means that JAX was unable to load the CUDA libraries.
[taildyn tbase/t5flat/n6144] DATA heldout truth reference: skew -0.044 kurt 4.15 q999 5.32
[taildyn tbase/t5flat/n6144] step    500 loss 1.5437 skew +0.085 kurt 5.19 q999 5.37 disp 0.113 Nbase-kurt 0.09 [109s]
[taildyn tbase/t5flat/n6144] step   1000 loss 1.5904 skew +0.015 kurt 3.78 q999 5.13 disp 0.059 Nbase-kurt -0.04 [211s]
[taildyn tbase/t5flat/n6144] step   1500 loss 1.3894 skew -0.002 kurt 3.40 q999 4.96 disp 0.028 Nbase-kurt -0.10 [312s]
[taildyn tbase/t5flat/n6144] step   2000 loss 1.2744 skew +0.003 kurt 3.62 q999 5.03 disp 0.014 Nbase-kurt -0.09 [413s]
[taildyn tbase/t5flat/n6144] step   2500 loss 1.3451 skew +0.023 kurt 4.30 q999 5.17 disp 0.038 Nbase-kurt -0.05 [516s]
[taildyn tbase/t5flat/n6144] step   3000 loss 1.2815 skew +0.039 kurt 4.51 q999 5.19 disp 0.042 Nbase-kurt -0.04 [618s]
[taildyn tbase/t5flat/n6144] step   3500 loss 1.3797 skew +0.053 kurt 4.14 q999 5.15 disp 0.034 Nbase-kurt -0.07 [719s]
[taildyn tbase/t5flat/n6144] step   4000 loss 1.2863 skew +0.029 kurt 4.24 q999 5.21 disp 0.038 Nbase-kurt -0.04 [820s]
[taildyn tbase/t5flat/n6144] step   4500 loss 1.3611 skew +0.025 kurt 4.33 q999 5.22 disp 0.057 Nbase-kurt -0.04 [922s]
[taildyn tbase/t5flat/n6144] step   5000 loss 1.2691 skew +0.040 kurt 3.83 q999 5.15 disp 0.022 Nbase-kurt -0.07 [1022s]
[taildyn tbase/t5flat/n6144] step   5500 loss 1.3695 skew +0.031 kurt 4.33 q999 5.24 disp 0.025 Nbase-kurt -0.05 [1121s]
[taildyn tbase/t5flat/n6144] step   6000 loss 1.1953 skew +0.006 kurt 4.64 q999 5.29 disp 0.014 Nbase-kurt -0.04 [1221s]
[taildyn tbase/t5flat/n6144] step   6500 loss 1.3732 skew +0.044 kurt 4.78 q999 5.34 disp 0.029 Nbase-kurt -0.03 [1323s]
[taildyn tbase/t5flat/n6144] step   7000 loss 1.1967 skew +0.022 kurt 4.35 q999 5.29 disp 0.033 Nbase-kurt -0.03 [1426s]
[taildyn tbase/t5flat/n6144] step   7500 loss 1.2111 skew +0.046 kurt 4.44 q999 5.24 disp 0.032 Nbase-kurt -0.06 [1526s]
[taildyn tbase/t5flat/n6144] step   8000 loss 1.2918 skew +0.043 kurt 4.24 q999 5.27 disp 0.013 Nbase-kurt -0.04 [1627s]
[taildyn tbase/t5flat/n6144] step   8500 loss 1.1998 skew +0.046 kurt 4.19 q999 5.23 disp 0.031 Nbase-kurt -0.05 [1728s]
[taildyn tbase/t5flat/n6144] step   9000 loss 1.2921 skew +0.023 kurt 4.37 q999 5.27 disp 0.023 Nbase-kurt -0.04 [1829s]
[taildyn tbase/t5flat/n6144] step   9500 loss 1.1665 skew +0.025 kurt 4.42 q999 5.28 disp 0.014 Nbase-kurt -0.04 [1931s]
[taildyn tbase/t5flat/n6144] step  10000 loss 1.2039 skew +0.024 kurt 4.37 q999 5.29 disp 0.014 Nbase-kurt -0.04 [2030s]
[taildyn tbase/t5flat/n6144] step  10500 loss 1.3129 skew +0.023 kurt 4.13 q999 5.23 disp 0.022 Nbase-kurt -0.06 [2134s]
[taildyn tbase/t5flat/n6144] step  11000 loss 1.3227 skew +0.029 kurt 4.25 q999 5.27 disp 0.013 Nbase-kurt -0.04 [2240s]
[taildyn tbase/t5flat/n6144] step  11500 loss 1.3210 skew +0.025 kurt 4.35 q999 5.29 disp 0.016 Nbase-kurt -0.04 [2341s]
[taildyn tbase/t5flat/n6144] step  12000 loss 1.2974 skew +0.023 kurt 4.36 q999 5.29 disp 0.015 Nbase-kurt -0.04 [2442s]
[taildyn tbase/t5flat/n6144] wrote /home/tersenov/software/scale-extrapolation/results_p2/taildyn_tbase_t5flat_n6144.json
