ERROR:2026-07-17 10:03:40,548:jax._src.xla_bridge:475: Jax plugin configuration error: Exception when calling jax_plugins.xla_cuda12.initialize()
Traceback (most recent call last):
  File "/home/tersenov/wl-challenge-env/lib/python3.11/site-packages/jax/_src/xla_bridge.py", line 473, in discover_pjrt_plugins
    plugin_module.initialize()
  File "/home/tersenov/wl-challenge-env/lib/python3.11/site-packages/jax_plugins/xla_cuda12/__init__.py", line 329, in initialize
    _check_cuda_versions(raise_on_first_error=True)
  File "/home/tersenov/wl-challenge-env/lib/python3.11/site-packages/jax_plugins/xla_cuda12/__init__.py", line 286, in _check_cuda_versions
    local_device_count = cuda_versions.cuda_device_count()
                         ^^^^^^^^^^^^^^^^^^^^^^^^^^^^^^^^^
RuntimeError: jaxlib/cuda/versions_helpers.cc:113: operation cuInit(0) failed: Unknown CUDA error 303; cuGetErrorName failed. This probably means that JAX was unable to load the CUDA libraries.
[taildyn twcrps/t5flat/n768] DATA heldout truth reference: skew -0.044 kurt 4.15 q999 5.32
[taildyn twcrps/t5flat/n768] step    500 loss 13.1355 skew +0.608 kurt 2.38 q999 4.74 disp 0.040 [91s]
[taildyn twcrps/t5flat/n768] step   1000 loss 13.7234 skew +0.613 kurt 2.71 q999 4.88 disp 0.039 [178s]
[taildyn twcrps/t5flat/n768] step   1500 loss 13.6401 skew +0.401 kurt 2.38 q999 4.77 disp 0.074 [263s]
[taildyn twcrps/t5flat/n768] step   2000 loss 12.9333 skew +0.605 kurt 3.37 q999 5.33 disp 0.047 [350s]
[taildyn twcrps/t5flat/n768] step   2500 loss 11.7160 skew +0.994 kurt 5.43 q999 5.99 disp 0.053 [436s]
[taildyn twcrps/t5flat/n768] step   3000 loss 9.7686 skew +0.811 kurt 4.03 q999 5.56 disp 0.085 [521s]
[taildyn twcrps/t5flat/n768] step   3500 loss 8.9832 skew +0.696 kurt 3.53 q999 5.32 disp 0.085 [608s]
[taildyn twcrps/t5flat/n768] step   4000 loss 8.2821 skew +0.446 kurt 2.48 q999 4.77 disp 0.106 [692s]
[taildyn twcrps/t5flat/n768] step   4500 loss 7.8700 skew +0.340 kurt 2.12 q999 4.63 disp 0.090 [775s]
[taildyn twcrps/t5flat/n768] step   5000 loss 7.5554 skew +0.253 kurt 1.81 q999 4.42 disp 0.105 [863s]
[taildyn twcrps/t5flat/n768] step   5500 loss 6.5995 skew +0.208 kurt 1.65 q999 4.33 disp 0.103 [950s]
[taildyn twcrps/t5flat/n768] step   6000 loss 6.6207 skew +0.161 kurt 1.37 q999 4.15 disp 0.097 [1035s]
[taildyn twcrps/t5flat/n768] step   6500 loss 6.0355 skew +0.097 kurt 1.24 q999 4.10 disp 0.097 [1121s]
[taildyn twcrps/t5flat/n768] step   7000 loss 5.9766 skew +0.111 kurt 1.22 q999 4.12 disp 0.099 [1205s]
[taildyn twcrps/t5flat/n768] step   7500 loss 5.5356 skew +0.086 kurt 1.10 q999 4.03 disp 0.093 [1291s]
[taildyn twcrps/t5flat/n768] step   8000 loss 5.1124 skew +0.081 kurt 1.11 q999 4.02 disp 0.092 [1375s]
[taildyn twcrps/t5flat/n768] step   8500 loss 4.9529 skew +0.067 kurt 1.05 q999 4.01 disp 0.090 [1463s]
[taildyn twcrps/t5flat/n768] step   9000 loss 4.7346 skew +0.063 kurt 1.07 q999 4.00 disp 0.080 [1562s]
[taildyn twcrps/t5flat/n768] step   9500 loss 4.4573 skew +0.057 kurt 1.04 q999 3.98 disp 0.082 [1661s]
[taildyn twcrps/t5flat/n768] step  10000 loss 4.2551 skew +0.050 kurt 1.05 q999 3.98 disp 0.074 [1757s]
[taildyn twcrps/t5flat/n768] step  10500 loss 4.1674 skew +0.049 kurt 1.06 q999 3.98 disp 0.070 [1842s]
[taildyn twcrps/t5flat/n768] step  11000 loss 4.0902 skew +0.051 kurt 1.07 q999 3.99 disp 0.068 [1926s]
[taildyn twcrps/t5flat/n768] step  11500 loss 4.0341 skew +0.050 kurt 1.07 q999 3.99 disp 0.067 [2009s]
[taildyn twcrps/t5flat/n768] step  12000 loss 4.1203 skew +0.050 kurt 1.07 q999 3.99 disp 0.067 [2095s]
[taildyn twcrps/t5flat/n768] wrote /home/tersenov/software/scale-extrapolation/results_p2/taildyn_twcrps_t5flat_n768.json
