ERROR:2026-07-17 10:03:38,213:jax._src.xla_bridge:475: Jax plugin configuration error: Exception when calling jax_plugins.xla_cuda12.initialize()
Traceback (most recent call last):
  File "/home/tersenov/wl-challenge-env/lib/python3.11/site-packages/jax/_src/xla_bridge.py", line 473, in discover_pjrt_plugins
    plugin_module.initialize()
  File "/home/tersenov/wl-challenge-env/lib/python3.11/site-packages/jax_plugins/xla_cuda12/__init__.py", line 329, in initialize
    _check_cuda_versions(raise_on_first_error=True)
  File "/home/tersenov/wl-challenge-env/lib/python3.11/site-packages/jax_plugins/xla_cuda12/__init__.py", line 286, in _check_cuda_versions
    local_device_count = cuda_versions.cuda_device_count()
                         ^^^^^^^^^^^^^^^^^^^^^^^^^^^^^^^^^
RuntimeError: jaxlib/cuda/versions_helpers.cc:113: operation cuInit(0) failed: Unknown CUDA error 303; cuGetErrorName failed. This probably means that JAX was unable to load the CUDA libraries.
[taildyn tbase/t5flat/n768] DATA heldout truth reference: skew -0.044 kurt 4.15 q999 5.32
[taildyn tbase/t5flat/n768] step    500 loss 1.4736 skew +0.094 kurt 5.31 q999 5.37 disp 0.141 Nbase-kurt 0.11 [208s]
[taildyn tbase/t5flat/n768] step   1000 loss 1.5933 skew +0.014 kurt 3.75 q999 5.11 disp 0.013 Nbase-kurt -0.04 [413s]
[taildyn tbase/t5flat/n768] step   1500 loss 1.4456 skew -0.038 kurt 3.47 q999 5.01 disp 0.083 Nbase-kurt -0.08 [611s]
[taildyn tbase/t5flat/n768] step   2000 loss 1.3167 skew +0.009 kurt 3.63 q999 5.03 disp 0.021 Nbase-kurt -0.09 [810s]
[taildyn tbase/t5flat/n768] step   2500 loss 1.3223 skew +0.035 kurt 4.53 q999 5.10 disp 0.024 Nbase-kurt -0.08 [1014s]
[taildyn tbase/t5flat/n768] step   3000 loss 1.2082 skew +0.023 kurt 4.23 q999 5.09 disp 0.025 Nbase-kurt -0.08 [1216s]
[taildyn tbase/t5flat/n768] step   3500 loss 1.3852 skew -0.004 kurt 4.12 q999 5.20 disp 0.018 Nbase-kurt -0.04 [1420s]
[taildyn tbase/t5flat/n768] step   4000 loss 1.2631 skew +0.019 kurt 4.48 q999 5.20 disp 0.020 Nbase-kurt -0.03 [1619s]
[taildyn tbase/t5flat/n768] step   4500 loss 1.3415 skew +0.049 kurt 3.52 q999 5.09 disp 0.018 Nbase-kurt -0.03 [1820s]
[taildyn tbase/t5flat/n768] step   5000 loss 1.2417 skew +0.004 kurt 2.81 q999 4.98 disp 0.017 Nbase-kurt 0.00 [2021s]
[taildyn tbase/t5flat/n768] step   5500 loss 1.2397 skew +0.027 kurt 2.35 q999 4.80 disp 0.014 Nbase-kurt 0.15 [2226s]
[taildyn tbase/t5flat/n768] step   6000 loss 0.9372 skew +0.016 kurt 1.83 q999 4.54 disp 0.011 Nbase-kurt 0.33 [2429s]
[taildyn tbase/t5flat/n768] step   6500 loss 1.0257 skew +0.003 kurt 1.38 q999 4.31 disp 0.061 Nbase-kurt 0.46 [2633s]
[taildyn tbase/t5flat/n768] step   7000 loss 0.8149 skew -0.012 kurt 1.23 q999 4.22 disp 0.070 Nbase-kurt 0.71 [2838s]
[taildyn tbase/t5flat/n768] step   7500 loss 0.8383 skew +0.019 kurt 1.12 q999 4.16 disp 0.055 Nbase-kurt 0.69 [3043s]
[taildyn tbase/t5flat/n768] step   8000 loss 0.6963 skew -0.016 kurt 1.04 q999 4.09 disp 0.057 Nbase-kurt 0.72 [3243s]
[taildyn tbase/t5flat/n768] step   8500 loss 0.6406 skew -0.046 kurt 1.07 q999 4.10 disp 0.022 Nbase-kurt 0.79 [3440s]
[taildyn tbase/t5flat/n768] step   9000 loss 0.7416 skew -0.035 kurt 1.03 q999 4.08 disp 0.018 Nbase-kurt 0.83 [3648s]
[taildyn tbase/t5flat/n768] step   9500 loss 0.6311 skew -0.029 kurt 1.06 q999 4.10 disp 0.015 Nbase-kurt 0.88 [3852s]
[taildyn tbase/t5flat/n768] step  10000 loss 0.7070 skew -0.017 kurt 1.07 q999 4.10 disp 0.025 Nbase-kurt 0.92 [4054s]
[taildyn tbase/t5flat/n768] step  10500 loss 0.7155 skew -0.028 kurt 1.08 q999 4.11 disp 0.031 Nbase-kurt 0.93 [4254s]
[taildyn tbase/t5flat/n768] step  11000 loss 0.6332 skew -0.028 kurt 1.08 q999 4.09 disp 0.041 Nbase-kurt 0.94 [4454s]
[taildyn tbase/t5flat/n768] step  11500 loss 0.5871 skew -0.022 kurt 1.08 q999 4.09 disp 0.040 Nbase-kurt 0.95 [4658s]
[taildyn tbase/t5flat/n768] step  12000 loss 0.6769 skew -0.025 kurt 1.08 q999 4.09 disp 0.040 Nbase-kurt 0.95 [4869s]
[taildyn tbase/t5flat/n768] wrote /home/tersenov/software/scale-extrapolation/results_p2/taildyn_tbase_t5flat_n768.json
