jax devices: [CudaDevice(id=0)]
E0725 12:09:25.385136 1576102 ptx_compiler_helpers.cc:154] *** WARNING *** Invoking ptxas with version 12.6.77, which corresponds to a CUDA version <=12.6.2. CUDA versions 12.x.y up to and including 12.6.2 miscompile certain edge cases around clamping.
Please upgrade to CUDA 12.6.3 or newer.
[12:09:25] config_hash=dc6656896c devices=[CudaDevice(id=0)]
[12:09:25] config={"field": "sandbox", "train_octaves": [2, 3, 4], "gen_from": 4, "channels": [32, 64, 128], "cond_mode": "film", "steps": 20000, "ckpt_every": 500, "batch": 32, "lr": 0.001, "n_heldout": 64, "sample_steps": 80, "sel_K": 4, "sel_octave": 2, "data": "/home/tersenov/software/scale-extrapolation/data_cache/tiles_sandbox.npz", "coords_file": "/home/tersenov/software/scale-extrapolation/data_cache/running_couplings_sandbox.json", "truth": "/home/tersenov/software/scale-extrapolation/results_p2/sandbox_truth_normconv.json", "out": "/home/tersenov/software/scale-extrapolation/results_p2/arms_pcure_n1s1.npz", "sel_out": "/home/tersenov/software/scale-extrapolation/results_p2/pcure_selection_n1s1.json", "ckpt_dir": "/home/tersenov/software/scale-extrapolation/data_cache/ckpt_pcure_n1s1", "seed": 1}
[12:09:25] sandbox: 322 train / 32 val / 32 test; selection reference oct2 vs=1.070 kurt=4.917
[12:12:18] arm A: trained, loss 2.202->1.1688
[12:12:30] arm A sel @500: vs=0.570 kurt=4.69 score=4.674
[12:12:38] arm A sel @1000: vs=0.775 kurt=4.91 score=2.754
[12:12:47] arm A sel @1500: vs=0.951 kurt=4.46 score=1.117
[12:12:55] arm A sel @2000: vs=1.009 kurt=4.09 score=1.120
[12:13:03] arm A sel @2500: vs=1.046 kurt=4.15 score=1.040
[12:13:12] arm A sel @3000: vs=0.990 kurt=3.88 score=1.408
[12:13:21] arm A sel @3500: vs=1.023 kurt=4.07 score=1.150
[12:13:29] arm A sel @4000: vs=0.980 kurt=3.77 score=1.559
[12:13:37] arm A sel @4500: vs=0.910 kurt=3.61 score=1.769
[12:13:46] arm A sel @5000: vs=1.072 kurt=4.90 score=0.024
[12:13:54] arm A sel @5500: vs=1.005 kurt=3.93 score=1.344
[12:14:03] arm A sel @6000: vs=1.032 kurt=4.10 score=1.108
[12:14:11] arm A sel @6500: vs=1.008 kurt=4.00 score=1.250
[12:14:20] arm A sel @7000: vs=0.960 kurt=3.65 score=1.718
[12:14:28] arm A sel @7500: vs=1.018 kurt=4.12 score=1.077
[12:14:37] arm A sel @8000: vs=1.032 kurt=4.08 score=1.141
[12:14:45] arm A sel @8500: vs=1.035 kurt=4.37 score=0.738
[12:14:54] arm A sel @9000: vs=1.068 kurt=4.79 score=0.171
[12:15:02] arm A sel @9500: vs=1.012 kurt=4.18 score=1.000
[12:15:10] arm A sel @10000: vs=0.997 kurt=3.93 score=1.341
[12:15:19] arm A sel @10500: vs=1.043 kurt=4.49 score=0.584
[12:15:27] arm A sel @11000: vs=0.999 kurt=4.05 score=1.177
[12:15:36] arm A sel @11500: vs=1.025 kurt=4.18 score=0.997
[12:15:45] arm A sel @12000: vs=1.020 kurt=4.40 score=0.701
[12:15:53] arm A sel @12500: vs=1.061 kurt=4.44 score=0.649
[12:16:01] arm A sel @13000: vs=1.020 kurt=4.13 score=1.073
[12:16:10] arm A sel @13500: vs=1.019 kurt=4.24 score=0.920
[12:16:19] arm A sel @14000: vs=1.028 kurt=4.19 score=0.988
[12:16:27] arm A sel @14500: vs=1.036 kurt=4.46 score=0.616
[12:16:36] arm A sel @15000: vs=1.038 kurt=4.56 score=0.489
[12:16:44] arm A sel @15500: vs=1.051 kurt=4.53 score=0.518
[12:16:53] arm A sel @16000: vs=1.039 kurt=4.35 score=0.769
[12:17:01] arm A sel @16500: vs=1.013 kurt=4.07 score=1.148
[12:17:10] arm A sel @17000: vs=1.030 kurt=4.24 score=0.913
[12:17:19] arm A sel @17500: vs=1.045 kurt=4.31 score=0.830
[12:17:27] arm A sel @18000: vs=1.040 kurt=4.43 score=0.666
[12:17:36] arm A sel @18500: vs=1.032 kurt=4.37 score=0.742
[12:17:44] arm A sel @19000: vs=1.030 kurt=4.20 score=0.968
[12:17:53] arm A sel @19500: vs=1.042 kurt=4.40 score=0.697
[12:18:02] arm A sel @20000: vs=1.032 kurt=4.25 score=0.901
[12:18:02] arm A SELECTED checkpoint: step 5000 (score 0.024)
[12:18:07] arm A TEST oct2 @sel: vs=1.066 kurt=4.76 q999=5.51
[12:18:12] arm A TEST oct3 @sel: vs=0.898 kurt=2.96 q999=5.04
[12:18:18] arm A TEST oct4 @sel: vs=0.749 kurt=2.27 q999=4.53
[12:18:39] arm A TEST oct1 @sel: vs=1.168 kurt=6.18 q999=5.84
[12:19:16] arm A: e2e recursion from selected ckpt done [591s]
[12:21:56] arm B: trained, loss 2.421->1.1762
[12:22:07] arm B sel @500: vs=0.601 kurt=4.83 score=4.387
[12:22:19] arm B sel @1000: vs=0.801 kurt=5.15 score=2.519
[12:22:29] arm B sel @1500: vs=0.897 kurt=4.11 score=1.623
[12:22:40] arm B sel @2000: vs=1.025 kurt=4.27 score=0.876
[12:22:50] arm B sel @2500: vs=1.077 kurt=4.61 score=0.413
[12:23:01] arm B sel @3000: vs=0.934 kurt=3.62 score=1.761
[12:23:12] arm B sel @3500: vs=1.022 kurt=4.07 score=1.148
[12:23:22] arm B sel @4000: vs=0.968 kurt=3.63 score=1.741
[12:23:33] arm B sel @4500: vs=0.897 kurt=3.45 score=1.984
[12:23:43] arm B sel @5000: vs=1.072 kurt=4.80 score=0.153
[12:23:54] arm B sel @5500: vs=1.030 kurt=4.22 score=0.945
[12:24:05] arm B sel @6000: vs=1.018 kurt=3.93 score=1.340
[12:24:16] arm B sel @6500: vs=1.025 kurt=4.14 score=1.056
[12:24:27] arm B sel @7000: vs=0.982 kurt=3.85 score=1.446
[12:24:37] arm B sel @7500: vs=1.043 kurt=4.28 score=0.859
[12:24:48] arm B sel @8000: vs=1.006 kurt=3.82 score=1.492
[12:24:58] arm B sel @8500: vs=1.027 kurt=4.24 score=0.914
[12:25:10] arm B sel @9000: vs=1.087 kurt=5.01 score=0.160
[12:25:20] arm B sel @9500: vs=1.025 kurt=4.28 score=0.866
[12:25:31] arm B sel @10000: vs=1.007 kurt=4.03 score=1.202
[12:25:41] arm B sel @10500: vs=1.049 kurt=4.45 score=0.633
[12:25:52] arm B sel @11000: vs=0.981 kurt=3.88 score=1.410
[12:26:03] arm B sel @11500: vs=1.021 kurt=4.19 score=0.982
[12:26:13] arm B sel @12000: vs=1.022 kurt=4.41 score=0.688
[12:26:25] arm B sel @12500: vs=1.040 kurt=4.22 score=0.939
[12:26:35] arm B sel @13000: vs=1.040 kurt=4.36 score=0.757
[12:26:46] arm B sel @13500: vs=1.012 kurt=4.23 score=0.926
[12:26:57] arm B sel @14000: vs=1.022 kurt=4.08 score=1.131
[12:27:07] arm B sel @14500: vs=1.046 kurt=4.52 score=0.537
[12:27:18] arm B sel @15000: vs=1.032 kurt=4.57 score=0.475
[12:27:30] arm B sel @15500: vs=1.044 kurt=4.44 score=0.646
[12:27:40] arm B sel @16000: vs=1.022 kurt=4.23 score=0.933
[12:27:51] arm B sel @16500: vs=0.999 kurt=4.01 score=1.224
[12:28:01] arm B sel @17000: vs=1.034 kurt=4.29 score=0.845
[12:28:12] arm B sel @17500: vs=1.034 kurt=4.25 score=0.908
[12:28:22] arm B sel @18000: vs=1.037 kurt=4.47 score=0.606
[12:28:33] arm B sel @18500: vs=1.026 kurt=4.34 score=0.788
[12:28:45] arm B sel @19000: vs=1.027 kurt=4.19 score=0.987
[12:28:55] arm B sel @19500: vs=1.038 kurt=4.42 score=0.671
[12:29:06] arm B sel @20000: vs=1.030 kurt=4.31 score=0.829
[12:29:06] arm B SELECTED checkpoint: step 5000 (score 0.153)
[12:29:12] arm B TEST oct2 @sel: vs=1.065 kurt=4.82 q999=5.45
[12:29:16] arm B TEST oct3 @sel: vs=0.890 kurt=2.96 q999=4.99
[12:29:19] arm B TEST oct4 @sel: vs=0.742 kurt=2.23 q999=4.35
[12:29:36] arm B TEST oct1 @sel: vs=1.145 kurt=5.27 q999=5.66
[12:30:16] arm B: e2e recursion from selected ckpt done [1251s]
[12:30:16] wrote /home/tersenov/software/scale-extrapolation/results_p2/arms_pcure_n1s1.npz and /home/tersenov/software/scale-extrapolation/results_p2/pcure_selection_n1s1.json in 1251s config_hash=dc6656896c
