jax devices: [CudaDevice(id=0)]
E0725 12:09:43.502955  392001 ptx_compiler_helpers.cc:154] *** WARNING *** Invoking ptxas with version 12.6.77, which corresponds to a CUDA version <=12.6.2. CUDA versions 12.x.y up to and including 12.6.2 miscompile certain edge cases around clamping.
Please upgrade to CUDA 12.6.3 or newer.
[12:09:43] config_hash=b5d98539e6 devices=[CudaDevice(id=0)]
[12:09:43] config={"field": "sandbox", "train_octaves": [2, 3, 4], "gen_from": 4, "channels": [32, 64, 128], "cond_mode": "film", "steps": 20000, "ckpt_every": 500, "batch": 32, "lr": 0.001, "n_heldout": 64, "sample_steps": 80, "sel_K": 4, "sel_octave": 2, "data": "/home/tersenov/links/scratch/scale-extrap-p2/tiles_placement_cens.npz", "coords_file": "/home/tersenov/software/scale-extrapolation/data_cache/running_couplings_sandbox.json", "truth": "/home/tersenov/software/scale-extrapolation/results_p2/sandbox_truth_normconv.json", "out": "/home/tersenov/software/scale-extrapolation/results_p2/arms_pcure_cens.npz", "sel_out": "/home/tersenov/software/scale-extrapolation/results_p2/pcure_selection_cens.json", "ckpt_dir": "/home/tersenov/software/scale-extrapolation/data_cache/ckpt_pcure_cens", "seed": 0}
[12:09:46] sandbox: 2576 train / 32 val / 32 test; selection reference oct2 vs=1.070 kurt=4.917
[12:12:44] arm A: trained, loss 2.342->1.1802
[12:12:56] arm A sel @500: vs=0.544 kurt=5.97 score=4.916
[12:13:05] arm A sel @1000: vs=0.794 kurt=4.30 score=2.578
[12:13:13] arm A sel @1500: vs=1.000 kurt=4.67 score=0.652
[12:13:22] arm A sel @2000: vs=0.937 kurt=3.53 score=1.886
[12:13:30] arm A sel @2500: vs=0.954 kurt=3.70 score=1.657
[12:13:38] arm A sel @3000: vs=1.006 kurt=4.05 score=1.171
[12:13:47] arm A sel @3500: vs=0.977 kurt=3.68 score=1.683
[12:13:55] arm A sel @4000: vs=0.979 kurt=3.99 score=1.256
[12:14:04] arm A sel @4500: vs=1.018 kurt=4.34 score=0.780
[12:14:12] arm A sel @5000: vs=1.011 kurt=4.25 score=0.905
[12:14:21] arm A sel @5500: vs=0.986 kurt=4.09 score=1.125
[12:14:29] arm A sel @6000: vs=0.998 kurt=4.20 score=0.977
[12:14:38] arm A sel @6500: vs=1.041 kurt=4.69 score=0.307
[12:14:46] arm A sel @7000: vs=1.062 kurt=4.51 score=0.552
[12:14:55] arm A sel @7500: vs=1.032 kurt=4.52 score=0.538
[12:15:03] arm A sel @8000: vs=1.044 kurt=4.48 score=0.592
[12:15:11] arm A sel @8500: vs=1.016 kurt=4.33 score=0.795
[12:15:20] arm A sel @9000: vs=1.012 kurt=4.21 score=0.956
[12:15:28] arm A sel @9500: vs=1.022 kurt=4.48 score=0.595
[12:15:37] arm A sel @10000: vs=1.099 kurt=4.92 score=0.268
[12:15:45] arm A sel @10500: vs=1.011 kurt=5.30 score=0.552
[12:15:54] arm A sel @11000: vs=1.027 kurt=4.23 score=0.928
[12:16:02] arm A sel @11500: vs=1.037 kurt=4.34 score=0.777
[12:16:11] arm A sel @12000: vs=0.977 kurt=3.88 score=1.413
[12:16:19] arm A sel @12500: vs=1.047 kurt=4.40 score=0.699
[12:16:27] arm A sel @13000: vs=1.015 kurt=4.16 score=1.024
[12:16:36] arm A sel @13500: vs=1.010 kurt=3.96 score=1.303
[12:16:45] arm A sel @14000: vs=1.053 kurt=4.46 score=0.619
[12:16:53] arm A sel @14500: vs=1.025 kurt=4.29 score=0.850
[12:17:01] arm A sel @15000: vs=1.023 kurt=4.30 score=0.837
[12:17:10] arm A sel @15500: vs=1.030 kurt=4.37 score=0.744
[12:17:18] arm A sel @16000: vs=1.033 kurt=4.59 score=0.445
[12:17:27] arm A sel @16500: vs=1.035 kurt=4.36 score=0.752
[12:17:35] arm A sel @17000: vs=1.031 kurt=4.34 score=0.789
[12:17:44] arm A sel @17500: vs=1.020 kurt=4.21 score=0.957
[12:17:52] arm A sel @18000: vs=1.013 kurt=4.16 score=1.032
[12:18:01] arm A sel @18500: vs=1.029 kurt=4.26 score=0.893
[12:18:09] arm A sel @19000: vs=1.034 kurt=4.50 score=0.567
[12:18:18] arm A sel @19500: vs=1.027 kurt=4.14 score=1.050
[12:18:26] arm A sel @20000: vs=1.022 kurt=4.25 score=0.908
[12:18:26] arm A SELECTED checkpoint: step 10000 (score 0.268)
[12:18:32] arm A TEST oct2 @sel: vs=1.096 kurt=5.66 q999=5.75
[12:18:37] arm A TEST oct3 @sel: vs=0.949 kurt=3.48 q999=4.82
[12:18:43] arm A TEST oct4 @sel: vs=0.722 kurt=2.16 q999=4.88
[12:19:05] arm A TEST oct1 @sel: vs=1.187 kurt=6.11 q999=5.93
[12:19:42] arm A: e2e recursion from selected ckpt done [595s]
[12:22:32] arm B: trained, loss 2.787->1.1839
[12:22:44] arm B sel @500: vs=0.464 kurt=5.26 score=5.663
[12:22:55] arm B sel @1000: vs=0.767 kurt=4.70 score=2.835
[12:23:06] arm B sel @1500: vs=0.918 kurt=4.53 score=1.424
[12:23:16] arm B sel @2000: vs=0.961 kurt=3.82 score=1.486
[12:23:27] arm B sel @2500: vs=0.930 kurt=3.67 score=1.695
[12:23:37] arm B sel @3000: vs=1.048 kurt=4.27 score=0.882
[12:23:49] arm B sel @3500: vs=1.023 kurt=4.22 score=0.944
[12:23:59] arm B sel @4000: vs=1.018 kurt=4.41 score=0.688
[12:24:10] arm B sel @4500: vs=1.020 kurt=4.34 score=0.787
[12:24:20] arm B sel @5000: vs=1.007 kurt=4.18 score=0.996
[12:24:31] arm B sel @5500: vs=1.008 kurt=4.21 score=0.964
[12:24:43] arm B sel @6000: vs=0.982 kurt=4.10 score=1.110
[12:24:53] arm B sel @6500: vs=1.018 kurt=4.38 score=0.722
[12:25:04] arm B sel @7000: vs=1.070 kurt=4.35 score=0.767
[12:25:14] arm B sel @7500: vs=0.997 kurt=4.19 score=0.988
[12:25:25] arm B sel @8000: vs=1.062 kurt=4.62 score=0.398
[12:25:36] arm B sel @8500: vs=1.032 kurt=4.22 score=0.947
[12:25:47] arm B sel @9000: vs=1.007 kurt=4.13 score=1.074
[12:25:58] arm B sel @9500: vs=1.010 kurt=4.23 score=0.926
[12:26:09] arm B sel @10000: vs=1.088 kurt=4.92 score=0.168
[12:26:19] arm B sel @10500: vs=1.019 kurt=5.22 score=0.476
[12:26:30] arm B sel @11000: vs=1.025 kurt=4.28 score=0.869
[12:26:40] arm B sel @11500: vs=1.054 kurt=4.48 score=0.596
[12:26:51] arm B sel @12000: vs=0.983 kurt=3.89 score=1.390
[12:27:03] arm B sel @12500: vs=1.066 kurt=4.63 score=0.392
[12:27:13] arm B sel @13000: vs=1.009 kurt=4.15 score=1.040
[12:27:24] arm B sel @13500: vs=1.022 kurt=4.10 score=1.104
[12:27:35] arm B sel @14000: vs=1.052 kurt=4.46 score=0.626
[12:27:45] arm B sel @14500: vs=1.022 kurt=4.35 score=0.772
[12:27:56] arm B sel @15000: vs=1.026 kurt=4.41 score=0.694
[12:28:08] arm B sel @15500: vs=1.031 kurt=4.41 score=0.686
[12:28:18] arm B sel @16000: vs=1.023 kurt=4.61 score=0.437
[12:28:29] arm B sel @16500: vs=1.032 kurt=4.41 score=0.682
[12:28:40] arm B sel @17000: vs=1.042 kurt=4.49 score=0.576
[12:28:50] arm B sel @17500: vs=1.014 kurt=4.24 score=0.917
[12:29:01] arm B sel @18000: vs=1.011 kurt=4.17 score=1.013
[12:29:12] arm B sel @18500: vs=1.034 kurt=4.37 score=0.741
[12:29:24] arm B sel @19000: vs=1.035 kurt=4.57 score=0.477
[12:29:34] arm B sel @19500: vs=1.029 kurt=4.25 score=0.900
[12:29:45] arm B sel @20000: vs=1.024 kurt=4.33 score=0.790
[12:29:45] arm B SELECTED checkpoint: step 10000 (score 0.168)
[12:29:51] arm B TEST oct2 @sel: vs=1.081 kurt=5.63 q999=5.71
[12:29:54] arm B TEST oct3 @sel: vs=0.927 kurt=3.44 q999=4.83
[12:29:58] arm B TEST oct4 @sel: vs=0.707 kurt=2.10 q999=4.75
[12:30:15] arm B TEST oct1 @sel: vs=1.196 kurt=6.27 q999=5.90
[12:30:56] arm B: e2e recursion from selected ckpt done [1269s]
[12:30:56] wrote /home/tersenov/software/scale-extrapolation/results_p2/arms_pcure_cens.npz and /home/tersenov/software/scale-extrapolation/results_p2/pcure_selection_cens.json in 1269s config_hash=b5d98539e6
