=== node rg12703 GPU check ===
jax devices: [CudaDevice(id=0)]
E0718 04:29:20.061735 2859104 ptx_compiler_helpers.cc:154] *** WARNING *** Invoking ptxas with version 12.6.77, which corresponds to a CUDA version <=12.6.2. CUDA versions 12.x.y up to and including 12.6.2 miscompile certain edge cases around clamping.
Please upgrade to CUDA 12.6.3 or newer.
[04:29:20] config_hash=27cc4a8f17 devices=[CudaDevice(id=0)]
[04:29:20] config={"field": "gowerstreet", "train_octaves": [2, 3, 4], "gen_from": 4, "channels": [32, 64, 128], "cond_mode": "film", "steps": 20000, "ckpt_every": 500, "batch": 32, "lr": 0.001, "n_heldout": 64, "sample_steps": 80, "sel_K": 4, "data": "/home/tersenov/software/scale-extrapolation/data_cache/tiles_pnull.npz", "coords_file": "/home/tersenov/software/scale-extrapolation/data_cache/running_couplings.json", "truth": "/home/tersenov/software/scale-extrapolation/results_p2/gowerstreet_val_ref.json", "out": "/home/tersenov/software/scale-extrapolation/results_p2/arms_c1t_gowerstreet.npz", "sel_out": "/home/tersenov/software/scale-extrapolation/results_p2/c1t_selection_gowerstreet.json", "ckpt_dir": "/home/tersenov/software/scale-extrapolation/data_cache/ckpt_c1t_gowerstreet", "seed": 0}
[04:29:20] gowerstreet: 266 train / 32 val / 32 test; truth oct2 vs=1.067 kurt=7.274
[04:32:08] arm A: trained, loss 2.356->1.3284
[04:32:20] arm A sel @500: vs=0.320 kurt=6.18 score=7.004
[04:32:28] arm A sel @1000: vs=0.645 kurt=4.26 score=3.956
[04:32:37] arm A sel @1500: vs=0.773 kurt=3.80 score=3.183
[04:32:45] arm A sel @2000: vs=0.837 kurt=3.50 score=3.456
[04:32:53] arm A sel @2500: vs=0.953 kurt=5.44 score=1.679
[04:33:02] arm A sel @3000: vs=0.871 kurt=4.51 score=2.534
[04:33:10] arm A sel @3500: vs=0.861 kurt=4.19 score=2.824
[04:33:19] arm A sel @4000: vs=0.898 kurt=4.56 score=2.488
[04:33:27] arm A sel @4500: vs=1.070 kurt=6.79 score=0.445
[04:33:36] arm A sel @5000: vs=0.910 kurt=5.06 score=2.025
[04:33:44] arm A sel @5500: vs=0.995 kurt=6.31 score=0.886
[04:33:53] arm A sel @6000: vs=0.950 kurt=5.89 score=1.265
[04:34:01] arm A sel @6500: vs=0.944 kurt=5.48 score=1.642
[04:34:10] arm A sel @7000: vs=1.006 kurt=6.14 score=1.035
[04:34:18] arm A sel @7500: vs=1.014 kurt=6.10 score=1.080
[04:34:27] arm A sel @8000: vs=1.033 kurt=6.16 score=1.019
[04:34:35] arm A sel @8500: vs=1.027 kurt=7.18 score=0.374
[04:34:44] arm A sel @9000: vs=1.085 kurt=7.18 score=0.164
[04:34:52] arm A sel @9500: vs=1.079 kurt=6.47 score=0.736
[04:35:01] arm A sel @10000: vs=0.965 kurt=5.73 score=1.413
[04:35:09] arm A sel @10500: vs=0.946 kurt=6.64 score=1.137
[04:35:18] arm A sel @11000: vs=0.963 kurt=5.04 score=2.043
[04:35:26] arm A sel @11500: vs=0.952 kurt=5.44 score=1.682
[04:35:35] arm A sel @12000: vs=0.972 kurt=5.89 score=1.269
[04:35:43] arm A sel @12500: vs=1.048 kurt=6.41 score=0.788
[04:35:52] arm A sel @13000: vs=1.028 kurt=6.09 score=1.084
[04:36:00] arm A sel @13500: vs=1.018 kurt=6.26 score=0.932
[04:36:09] arm A sel @14000: vs=1.029 kurt=6.43 score=0.773
[04:36:17] arm A sel @14500: vs=0.980 kurt=5.78 score=1.373
[04:36:26] arm A sel @15000: vs=1.025 kurt=6.52 score=0.690
[04:36:34] arm A sel @15500: vs=1.065 kurt=6.71 score=0.520
[04:36:43] arm A sel @16000: vs=1.059 kurt=7.33 score=0.079
[04:36:51] arm A sel @16500: vs=1.030 kurt=6.63 score=0.591
[04:37:00] arm A sel @17000: vs=1.030 kurt=6.19 score=0.992
[04:37:09] arm A sel @17500: vs=1.070 kurt=6.50 score=0.706
[04:37:17] arm A sel @18000: vs=1.032 kurt=6.29 score=0.904
[04:37:25] arm A sel @18500: vs=1.061 kurt=6.98 score=0.265
[04:37:34] arm A sel @19000: vs=1.052 kurt=6.52 score=0.688
[04:37:43] arm A sel @19500: vs=1.036 kurt=6.21 score=0.977
[04:37:51] arm A sel @20000: vs=1.045 kurt=6.49 score=0.714
[04:37:51] arm A SELECTED checkpoint: step 16000 (score 0.079)
[04:37:57] arm A TEST oct2 @sel: vs=0.947 kurt=5.85 q999=5.61
[04:38:02] arm A TEST oct3 @sel: vs=0.742 kurt=3.06 q999=5.11
[04:38:07] arm A TEST oct4 @sel: vs=0.630 kurt=1.89 q999=4.57
[04:38:29] arm A TEST oct1 @sel: vs=0.955 kurt=7.10 q999=5.86
[04:39:07] arm A: e2e recursion from selected ckpt done [587s]
[04:41:43] arm B: trained, loss 2.771->1.3399
[04:41:54] arm B sel @500: vs=0.233 kurt=5.57 score=7.817
[04:42:05] arm B sel @1000: vs=0.684 kurt=4.87 score=3.586
[04:42:16] arm B sel @1500: vs=0.844 kurt=4.48 score=2.558
[04:42:26] arm B sel @2000: vs=0.844 kurt=3.49 score=3.470
[04:42:37] arm B sel @2500: vs=1.004 kurt=5.37 score=1.744
[04:42:47] arm B sel @3000: vs=0.886 kurt=4.35 score=2.679
[04:42:58] arm B sel @3500: vs=0.940 kurt=5.10 score=1.994
[04:43:09] arm B sel @4000: vs=0.965 kurt=5.55 score=1.579
[04:43:19] arm B sel @4500: vs=1.026 kurt=6.09 score=1.085
[04:43:30] arm B sel @5000: vs=1.000 kurt=6.46 score=0.744
[04:43:41] arm B sel @5500: vs=1.000 kurt=6.63 score=0.628
[04:43:52] arm B sel @6000: vs=0.956 kurt=6.31 score=1.041
[04:44:02] arm B sel @6500: vs=0.953 kurt=5.61 score=1.521
[04:44:13] arm B sel @7000: vs=1.044 kurt=6.69 score=0.537
[04:44:23] arm B sel @7500: vs=1.023 kurt=6.62 score=0.603
[04:44:34] arm B sel @8000: vs=1.038 kurt=6.26 score=0.927
[04:44:45] arm B sel @8500: vs=1.009 kurt=6.77 score=0.543
[04:44:56] arm B sel @9000: vs=1.184 kurt=9.20 score=1.765
[04:45:07] arm B sel @9500: vs=1.100 kurt=7.04 score=0.305
[04:45:17] arm B sel @10000: vs=0.971 kurt=6.33 score=0.905
[04:45:28] arm B sel @10500: vs=1.010 kurt=7.50 score=0.539
[04:45:38] arm B sel @11000: vs=0.909 kurt=4.80 score=2.268
[04:45:49] arm B sel @11500: vs=0.962 kurt=5.69 score=1.455
[04:45:59] arm B sel @12000: vs=0.984 kurt=6.24 score=0.944
[04:46:11] arm B sel @12500: vs=1.091 kurt=7.21 score=0.220
[04:46:21] arm B sel @13000: vs=1.040 kurt=6.77 score=0.462
[04:46:32] arm B sel @13500: vs=0.960 kurt=6.21 score=1.005
[04:46:42] arm B sel @14000: vs=1.024 kurt=6.47 score=0.739
[04:46:53] arm B sel @14500: vs=0.980 kurt=6.11 score=1.066
[04:47:03] arm B sel @15000: vs=1.012 kurt=6.96 score=0.519
[04:47:15] arm B sel @15500: vs=1.049 kurt=6.85 score=0.384
[04:47:26] arm B sel @16000: vs=1.019 kurt=7.38 score=0.448
[04:47:36] arm B sel @16500: vs=1.028 kurt=6.77 score=0.465
[04:47:47] arm B sel @17000: vs=1.043 kurt=6.70 score=0.525
[04:47:57] arm B sel @17500: vs=1.062 kurt=6.76 score=0.469
[04:48:08] arm B sel @18000: vs=1.033 kurt=6.62 score=0.601
[04:48:18] arm B sel @18500: vs=1.053 kurt=7.50 score=0.208
[04:48:30] arm B sel @19000: vs=1.059 kurt=7.05 score=0.209
[04:48:41] arm B sel @19500: vs=1.039 kurt=6.67 score=0.550
[04:48:51] arm B sel @20000: vs=1.048 kurt=6.93 score=0.313
[04:48:51] arm B SELECTED checkpoint: step 18500 (score 0.208)
[04:48:57] arm B TEST oct2 @sel: vs=0.940 kurt=6.05 q999=5.58
[04:49:01] arm B TEST oct3 @sel: vs=0.760 kurt=3.32 q999=4.94
[04:49:05] arm B TEST oct4 @sel: vs=0.631 kurt=1.68 q999=4.62
[04:49:22] arm B TEST oct1 @sel: vs=0.885 kurt=5.81 q999=5.56
[04:50:02] arm B: e2e recursion from selected ckpt done [1242s]
[04:50:02] wrote /home/tersenov/software/scale-extrapolation/results_p2/arms_c1t_gowerstreet.npz and /home/tersenov/software/scale-extrapolation/results_p2/c1t_selection_gowerstreet.json in 1242s config_hash=27cc4a8f17
