jax devices: [CudaDevice(id=0)]
E0725 12:09:22.829770  391025 ptx_compiler_helpers.cc:154] *** WARNING *** Invoking ptxas with version 12.6.77, which corresponds to a CUDA version <=12.6.2. CUDA versions 12.x.y up to and including 12.6.2 miscompile certain edge cases around clamping.
Please upgrade to CUDA 12.6.3 or newer.
[12:09:22] config_hash=9d53683431 devices=[CudaDevice(id=0)]
[12:09:22] config={"field": "sandbox", "train_octaves": [2, 3, 4], "gen_from": 4, "channels": [32, 64, 128], "cond_mode": "film", "steps": 20000, "ckpt_every": 500, "batch": 32, "lr": 0.001, "n_heldout": 64, "sample_steps": 80, "sel_K": 4, "sel_octave": 2, "data": "/home/tersenov/links/scratch/scale-extrap-p2/tiles_placement_n32.npz", "coords_file": "/home/tersenov/software/scale-extrapolation/data_cache/running_couplings_sandbox.json", "truth": "/home/tersenov/software/scale-extrapolation/results_p2/sandbox_truth_normconv.json", "out": "/home/tersenov/software/scale-extrapolation/results_p2/arms_pcure_n32.npz", "sel_out": "/home/tersenov/software/scale-extrapolation/results_p2/pcure_selection_n32.json", "ckpt_dir": "/home/tersenov/software/scale-extrapolation/data_cache/ckpt_pcure_n32", "seed": 0}
[12:09:25] sandbox: 10304 train / 32 val / 32 test; selection reference oct2 vs=1.070 kurt=4.917
W0725 12:09:37.568820  391025 bfc_allocator.cc:502] Allocator (GPU_0_bfc) ran out of memory trying to allocate 5.03GiB (rounded to 5402263552)requested by op 
If the cause is memory fragmentation maybe the environment variable 'TF_GPU_ALLOCATOR=cuda_malloc_async' will improve the situation. 
Current allocation summary follows.
Current allocation summary follows.
W0725 12:09:37.569001  391025 bfc_allocator.cc:513] *********************************************************************_______________________________
E0725 12:09:37.569019  391025 pjrt_stream_executor_client.cc:2091] Execution of replica 0 failed: RESOURCE_EXHAUSTED: Out of memory while trying to allocate 5.03GiB. [tf-allocator-allocation-error='']
Traceback (most recent call last):
  File "/home/tersenov/software/scale-extrapolation/scripts_p2/run_c1t_arms.py", line 250, in <module>
    main()
  File "/home/tersenov/software/scale-extrapolation/scripts_p2/run_c1t_arms.py", line 148, in main
    state, meta = train_c1t_generator(
                  ^^^^^^^^^^^^^^^^^^^^
  File "/home/tersenov/software/scale-extrapolation/arms_p2/c1t/train.py", line 34, in train_c1t_generator
    pools, std_by_j = field_to_octaves(tiles, train_octaves)
                      ^^^^^^^^^^^^^^^^^^^^^^^^^^^^^^^^^^^^^^
  File "/home/tersenov/software/scale-extrapolation/wfm/dataset.py", line 46, in field_to_octaves
    fields = normalize_tiles(tiles)
             ^^^^^^^^^^^^^^^^^^^^^^
  File "/home/tersenov/software/scale-extrapolation/wfm/dataset.py", line 22, in normalize_tiles
    return (t - m) / s
           ~~~~~~^~~~~
  File "/home/tersenov/wl-challenge-env/lib/python3.11/site-packages/jax/_src/numpy/array_methods.py", line 609, in deferring_binary_op
    return binary_op(*args)
           ^^^^^^^^^^^^^^^^
jax.errors.JaxRuntimeError: RESOURCE_EXHAUSTED: Out of memory while trying to allocate 5.03GiB.
--------------------
For simplicity, JAX has removed its internal frames from the traceback of the following exception. Set JAX_TRACEBACK_FILTERING=off to include these.
