jax devices: [CudaDevice(id=0)]
E0805 19:34:38.132978 1335745 ptx_compiler_helpers.cc:154] *** WARNING *** Invoking ptxas with version 12.6.77, which corresponds to a CUDA version <=12.6.2. CUDA versions 12.x.y up to and including 12.6.2 miscompile certain edge cases around clamping.
Please upgrade to CUDA 12.6.3 or newer.
[19:35:14] oracle s2500: done [34s]
[19:35:22] oracle s5000: done [42s]
[19:35:30] oracle s7500: done [50s]
[19:35:39] oracle s10000: done [58s]
[19:35:47] oracle s12500: done [67s]
[19:35:55] oracle s15000: done [75s]
[19:36:03] oracle s17500: done [83s]
[19:36:11] oracle s20000: done [91s]
[19:36:20] prod s2500: done [100s]
[19:36:28] prod s5000: done [108s]
[19:36:36] prod s7500: done [116s]
[19:36:45] prod s10000: done [125s]
[19:36:53] prod s12500: done [133s]
[19:37:01] prod s15000: done [141s]
[19:37:09] prod s17500: done [149s]
[19:37:18] prod s20000: done [158s]
[19:37:26] blind s2500: done [166s]
[19:37:34] blind s5000: done [174s]
[19:37:42] blind s7500: done [182s]
[19:37:51] blind s10000: done [191s]
[19:37:59] blind s12500: done [199s]
[19:38:07] blind s15000: done [207s]
[19:38:16] blind s17500: done [216s]
[19:38:24] blind s20000: done [224s]
[19:38:24] wrote night3_ckpt_sweep.npz (24 stacks)
